#! /home/alban/oss-cad-suite/bin/vvp
:ivl_version "13.0 (devel)" "(s20221226-498-g52d049b51)";
:ivl_delay_selection "TYPICAL";
:vpi_time_precision - 12;
:vpi_module "/home/alban/oss-cad-suite/lib/ivl/system.vpi";
:vpi_module "/home/alban/oss-cad-suite/lib/ivl/vhdl_sys.vpi";
:vpi_module "/home/alban/oss-cad-suite/lib/ivl/vhdl_textio.vpi";
:vpi_module "/home/alban/oss-cad-suite/lib/ivl/v2005_math.vpi";
:vpi_module "/home/alban/oss-cad-suite/lib/ivl/va_math.vpi";
S_0x555555b30ee0 .scope module, "dmaEx1" "dmaEx1" 2 3;
 .timescale -12 -12;
v0x555555b92dd0_0 .var "cIn", 7 0;
v0x555555b92ee0_0 .var "clock", 0 0;
v0x555555b92f80_0 .net "done", 0 0, L_0x555555b93f40;  1 drivers
v0x555555b93050_0 .var "reset", 0 0;
v0x555555b93120_0 .net "result", 31 0, v0x555555b923f0_0;  1 drivers
v0x555555b93210_0 .var "start", 0 0;
v0x555555b932e0_0 .var "valueA", 31 0;
v0x555555b933b0_0 .var "valueB", 31 0;
E_0x555555b5fab0 .event negedge, v0x555555b66ab0_0;
E_0x555555b61460 .event negedge, v0x555555b92330_0;
S_0x555555b36f60 .scope module, "dma" "ramDmaCi" 2 23, 3 1 0, S_0x555555b30ee0;
 .timescale 0 0;
    .port_info 0 /INPUT 1 "start";
    .port_info 1 /INPUT 1 "clock";
    .port_info 2 /INPUT 1 "reset";
    .port_info 3 /INPUT 32 "valueA";
    .port_info 4 /INPUT 32 "valueB";
    .port_info 5 /INPUT 8 "ciN";
    .port_info 6 /INPUT 32 "bus_in";
    .port_info 7 /INPUT 1 "bus_grants";
    .port_info 8 /INPUT 1 "bus_error";
    .port_info 9 /INPUT 1 "bus_valid";
    .port_info 10 /INPUT 1 "bus_busy_in";
    .port_info 11 /OUTPUT 1 "bus_request";
    .port_info 12 /OUTPUT 1 "bus_begin";
    .port_info 13 /OUTPUT 1 "bus_read";
    .port_info 14 /OUTPUT 4 "bus_byte_enable";
    .port_info 15 /OUTPUT 1 "bus_terminated";
    .port_info 16 /OUTPUT 8 "bus_burst_size";
    .port_info 17 /OUTPUT 32 "bus_out";
    .port_info 18 /OUTPUT 1 "done";
    .port_info 19 /OUTPUT 32 "result";
P_0x555555b3d690 .param/l "BLOCK_SIZE" 1 3 30, C4<011>;
P_0x555555b3d6d0 .param/l "BURST_SIZE" 1 3 31, C4<100>;
P_0x555555b3d710 .param/l "BUS_START_ADDR" 1 3 28, C4<001>;
P_0x555555b3d750 .param/l "DMA_END_OP" 1 3 58, C4<101>;
P_0x555555b3d790 .param/l "DMA_END_TR" 1 3 57, C4<100>;
P_0x555555b3d7d0 .param/l "DMA_IDLE" 1 3 53, C4<000>;
P_0x555555b3d810 .param/l "DMA_REQUEST" 1 3 54, C4<001>;
P_0x555555b3d850 .param/l "DMA_SETUP" 1 3 56, C4<011>;
P_0x555555b3d890 .param/l "DMA_TRANSFER" 1 3 55, C4<010>;
P_0x555555b3d8d0 .param/l "IDLE" 1 3 37, C4<111>;
P_0x555555b3d910 .param/l "MEMORY_LOCATION" 1 3 27, C4<000>;
P_0x555555b3d950 .param/l "MEM_START_ADDR" 1 3 29, C4<010>;
P_0x555555b3d990 .param/l "STATUS_CONTROL" 1 3 32, C4<101>;
P_0x555555b3d9d0 .param/l "STATUS_ERR" 1 3 61, C4<1>;
P_0x555555b3da10 .param/l "STATUS_OK" 1 3 60, C4<0>;
P_0x555555b3da50 .param/l "customId" 0 3 1, C4<00001001>;
L_0x78c8604d0018 .functor BUFT 1, C4<1>, C4<0>, C4<0>, C4<0>;
L_0x555555b6fcb0 .functor XNOR 1, v0x555555b93210_0, L_0x78c8604d0018, C4<0>, C4<0>;
L_0x555555b37670 .functor AND 1, L_0x555555b6fcb0, L_0x555555b93570, C4<1>, C4<1>;
L_0x78c8604d00a8 .functor BUFT 1, C4<1>, C4<0>, C4<0>, C4<0>;
L_0x555555b669e0 .functor XNOR 1, L_0x555555b93750, L_0x78c8604d00a8, C4<0>, C4<0>;
L_0x555555b67a50 .functor AND 1, L_0x555555b669e0, L_0x555555b37670, C4<1>, C4<1>;
L_0x555555b93bc0 .functor AND 1, L_0x555555b67a50, L_0x555555b93a50, C4<1>, C4<1>;
L_0x555555b93f40 .functor OR 1, L_0x555555b67a50, L_0x555555b93e10, C4<0>, C4<0>;
o0x78c86093d9a8 .functor BUFZ 1, c4<z>; HiZ drive
L_0x555555b94310 .functor AND 1, L_0x555555b94180, o0x78c86093d9a8, C4<1>, C4<1>;
L_0x555555b943d0 .functor AND 1, L_0x555555b94310, v0x555555b911e0_0, C4<1>, C4<1>;
L_0x555555b94620 .functor NOT 1, v0x555555b92ee0_0, C4<0>, C4<0>, C4<0>;
v0x555555b8f0c0_0 .net/2u *"_ivl_0", 0 0, L_0x78c8604d0018;  1 drivers
v0x555555b8f1c0_0 .net *"_ivl_11", 0 0, L_0x555555b93750;  1 drivers
v0x555555b8f2a0_0 .net/2u *"_ivl_12", 0 0, L_0x78c8604d00a8;  1 drivers
v0x555555b8f360_0 .net *"_ivl_14", 0 0, L_0x555555b669e0;  1 drivers
v0x555555b8f420_0 .net *"_ivl_19", 2 0, L_0x555555b939b0;  1 drivers
v0x555555b8f500_0 .net *"_ivl_2", 0 0, L_0x555555b6fcb0;  1 drivers
L_0x78c8604d00f0 .functor BUFT 1, C4<000>, C4<0>, C4<0>, C4<0>;
v0x555555b8f5c0_0 .net/2u *"_ivl_20", 2 0, L_0x78c8604d00f0;  1 drivers
v0x555555b8f6a0_0 .net *"_ivl_22", 0 0, L_0x555555b93a50;  1 drivers
L_0x78c8604d0138 .functor BUFT 1, C4<111>, C4<0>, C4<0>, C4<0>;
v0x555555b8f760_0 .net/2u *"_ivl_28", 2 0, L_0x78c8604d0138;  1 drivers
v0x555555b8f8d0_0 .net *"_ivl_30", 0 0, L_0x555555b93e10;  1 drivers
L_0x78c8604d0180 .functor BUFT 1, C4<000>, C4<0>, C4<0>, C4<0>;
v0x555555b8f990_0 .net/2u *"_ivl_34", 2 0, L_0x78c8604d0180;  1 drivers
L_0x78c8604d01c8 .functor BUFT 1, C4<010>, C4<0>, C4<0>, C4<0>;
v0x555555b8fa70_0 .net/2u *"_ivl_38", 2 0, L_0x78c8604d01c8;  1 drivers
L_0x78c8604d0060 .functor BUFT 1, C4<00001001>, C4<0>, C4<0>, C4<0>;
v0x555555b8fb50_0 .net/2u *"_ivl_4", 7 0, L_0x78c8604d0060;  1 drivers
v0x555555b8fc30_0 .net *"_ivl_40", 0 0, L_0x555555b94180;  1 drivers
v0x555555b8fcf0_0 .net *"_ivl_43", 0 0, L_0x555555b94310;  1 drivers
L_0x78c8604d0210 .functor BUFT 1, C4<001>, C4<0>, C4<0>, C4<0>;
v0x555555b8fdb0_0 .net/2u *"_ivl_46", 2 0, L_0x78c8604d0210;  1 drivers
v0x555555b8fe90_0 .net *"_ivl_6", 0 0, L_0x555555b93570;  1 drivers
v0x555555b8ff50_0 .net "address_a", 8 0, L_0x555555b93d20;  1 drivers
v0x555555b90010_0 .var "block_rem_c", 9 0;
v0x555555b900d0_0 .var "block_rem_n", 9 0;
v0x555555b901b0_0 .var "burst_rem_c", 7 0;
v0x555555b90290_0 .var "burst_rem_n", 7 0;
v0x555555b90370_0 .var "bus_begin", 0 0;
v0x555555b90430_0 .var "bus_burst_size", 7 0;
o0x78c86093d828 .functor BUFZ 1, c4<z>; HiZ drive
v0x555555b90510_0 .net "bus_busy_in", 0 0, o0x78c86093d828;  0 drivers
v0x555555b905d0_0 .var "bus_byte_enable", 3 0;
o0x78c86093d888 .functor BUFZ 1, c4<z>; HiZ drive
v0x555555b906b0_0 .net "bus_error", 0 0, o0x78c86093d888;  0 drivers
o0x78c86093d8b8 .functor BUFZ 1, c4<z>; HiZ drive
v0x555555b90770_0 .net "bus_grants", 0 0, o0x78c86093d8b8;  0 drivers
o0x78c86093d108 .functor BUFZ 32, c4<zzzzzzzzzzzzzzzzzzzzzzzzzzzzzzzz>; HiZ drive
v0x555555b90830_0 .net "bus_in", 31 0, o0x78c86093d108;  0 drivers
v0x555555b908f0_0 .var "bus_out", 31 0;
v0x555555b909b0_0 .var "bus_read", 0 0;
v0x555555b90a70_0 .net "bus_request", 0 0, L_0x555555b94530;  1 drivers
v0x555555b90b30_0 .var "bus_terminated", 0 0;
v0x555555b90e00_0 .net "bus_valid", 0 0, o0x78c86093d9a8;  0 drivers
v0x555555b90ec0_0 .net "ciN", 7 0, v0x555555b92dd0_0;  1 drivers
v0x555555b90fa0_0 .net "clock", 0 0, v0x555555b92ee0_0;  1 drivers
v0x555555b91040_0 .var "dma_current", 2 0;
v0x555555b91100_0 .var "dma_next", 2 0;
v0x555555b911e0_0 .var "dma_read_n_write_c", 0 0;
v0x555555b912a0_0 .var "dma_read_n_write_n", 0 0;
v0x555555b91360_0 .net "dma_status", 0 0, L_0x555555b94090;  1 drivers
v0x555555b91420_0 .net "dma_write_ram", 0 0, L_0x555555b943d0;  1 drivers
v0x555555b914c0_0 .net "done", 0 0, L_0x555555b93f40;  alias, 1 drivers
v0x555555b91560_0 .net "enable_a", 0 0, L_0x555555b67a50;  1 drivers
v0x555555b91620_0 .net "enable_a_write_ram", 0 0, L_0x555555b93bc0;  1 drivers
v0x555555b916c0_0 .net "module_en", 0 0, L_0x555555b37670;  1 drivers
v0x555555b91760_0 .var "r_block_size", 9 0;
v0x555555b91840_0 .var "r_burst_size", 7 0;
v0x555555b91920_0 .var "r_bus_start", 31 0;
v0x555555b91a00_0 .var "r_bus_start_c", 31 0;
v0x555555b91ae0_0 .var "r_bus_start_n", 31 0;
v0x555555b91bc0_0 .var "r_err_current", 0 0;
v0x555555b91c80_0 .var "r_err_next", 0 0;
v0x555555b91d40_0 .var "r_mem_start", 8 0;
v0x555555b91e20_0 .var "r_mem_start_c", 8 0;
v0x555555b91f10_0 .var "r_mem_start_n", 8 0;
v0x555555b91fd0_0 .net "read_a", 31 0, v0x555555b8eb20_0;  1 drivers
v0x555555b920c0_0 .net "read_b", 31 0, v0x555555b8ec00_0;  1 drivers
v0x555555b92190_0 .var "read_current", 2 0;
v0x555555b92250_0 .var "read_next", 2 0;
v0x555555b92330_0 .net "reset", 0 0, v0x555555b93050_0;  1 drivers
v0x555555b923f0_0 .var "result", 31 0;
v0x555555b924d0_0 .net "start", 0 0, v0x555555b93210_0;  1 drivers
v0x555555b92590_0 .net "valueA", 31 0, v0x555555b932e0_0;  1 drivers
v0x555555b92670_0 .net "valueB", 31 0, v0x555555b933b0_0;  1 drivers
E_0x555555b64860 .event anyedge, v0x555555b92330_0, v0x555555b91040_0;
E_0x555555b707a0/0 .event anyedge, v0x555555b90510_0, v0x555555b916c0_0, v0x555555b91a00_0, v0x555555b37780_0;
E_0x555555b707a0/1 .event anyedge, v0x555555b901b0_0, v0x555555b90010_0, v0x555555b90e00_0, v0x555555b8e910_0;
E_0x555555b707a0/2 .event anyedge, v0x555555b92590_0, v0x555555b90770_0, v0x555555b906b0_0, v0x555555b91bc0_0;
E_0x555555b707a0/3 .event anyedge, v0x555555b91040_0;
E_0x555555b707a0 .event/or E_0x555555b707a0/0, E_0x555555b707a0/1, E_0x555555b707a0/2, E_0x555555b707a0/3;
E_0x555555b33500 .event anyedge, v0x555555b92330_0, v0x555555b92190_0, v0x555555b8eb20_0;
E_0x555555b018e0 .event anyedge, v0x555555b916c0_0, v0x555555b92590_0, v0x555555b92190_0;
L_0x555555b93570 .cmp/eq 8, v0x555555b92dd0_0, L_0x78c8604d0060;
L_0x555555b93750 .part v0x555555b932e0_0, 9, 1;
L_0x555555b939b0 .part v0x555555b932e0_0, 10, 3;
L_0x555555b93a50 .cmp/eq 3, L_0x555555b939b0, L_0x78c8604d00f0;
L_0x555555b93d20 .part v0x555555b932e0_0, 0, 9;
L_0x555555b93e10 .cmp/ne 3, v0x555555b92190_0, L_0x78c8604d0138;
L_0x555555b94090 .cmp/ne 3, v0x555555b91040_0, L_0x78c8604d0180;
L_0x555555b94180 .cmp/eq 3, v0x555555b91040_0, L_0x78c8604d01c8;
L_0x555555b94530 .cmp/eq 3, v0x555555b91040_0, L_0x78c8604d0210;
S_0x555555b70b60 .scope module, "ram" "dualPortSSRAM" 3 249, 4 1 0, S_0x555555b36f60;
 .timescale 0 0;
    .port_info 0 /INPUT 1 "clockA";
    .port_info 1 /INPUT 1 "clockB";
    .port_info 2 /INPUT 1 "writeEnableA";
    .port_info 3 /INPUT 1 "writeEnableB";
    .port_info 4 /INPUT 9 "addressA";
    .port_info 5 /INPUT 9 "addressB";
    .port_info 6 /INPUT 32 "dataInA";
    .port_info 7 /INPUT 32 "dataInB";
    .port_info 8 /OUTPUT 32 "dataOutA";
    .port_info 9 /OUTPUT 32 "dataOutB";
P_0x555555b65f30 .param/l "bitwidth" 0 4 1, +C4<00000000000000000000000000100000>;
P_0x555555b65f70 .param/l "nrOfEntries" 0 4 2, +C4<00000000000000000000001000000000>;
v0x555555b6fd20_0 .net "addressA", 8 0, L_0x555555b93d20;  alias, 1 drivers
v0x555555b37780_0 .net "addressB", 8 0, v0x555555b91e20_0;  1 drivers
v0x555555b66ab0_0 .net "clockA", 0 0, v0x555555b92ee0_0;  alias, 1 drivers
v0x555555b67b60_0 .net "clockB", 0 0, L_0x555555b94620;  1 drivers
v0x555555b8e910_0 .net "dataInA", 31 0, v0x555555b933b0_0;  alias, 1 drivers
v0x555555b8ea40_0 .net "dataInB", 31 0, o0x78c86093d108;  alias, 0 drivers
v0x555555b8eb20_0 .var "dataOutA", 31 0;
v0x555555b8ec00_0 .var "dataOutB", 31 0;
v0x555555b8ece0 .array "memoryContent", 0 511, 31 0;
v0x555555b8eda0_0 .net "writeEnableA", 0 0, L_0x555555b93bc0;  alias, 1 drivers
v0x555555b8ee60_0 .net "writeEnableB", 0 0, L_0x555555b943d0;  alias, 1 drivers
E_0x555555b11f80 .event posedge, v0x555555b67b60_0;
E_0x555555b11fe0 .event posedge, v0x555555b66ab0_0;
    .scope S_0x555555b70b60;
T_0 ;
    %wait E_0x555555b11fe0;
    %load/vec4 v0x555555b8eda0_0;
    %cmpi/e 1, 0, 1;
    %jmp/0xz  T_0.0, 4;
    %load/vec4 v0x555555b8e910_0;
    %load/vec4 v0x555555b6fd20_0;
    %pad/u 11;
    %ix/vec4 4;
    %store/vec4a v0x555555b8ece0, 4, 0;
T_0.0 ;
    %load/vec4 v0x555555b6fd20_0;
    %pad/u 11;
    %ix/vec4 4;
    %load/vec4a v0x555555b8ece0, 4;
    %store/vec4 v0x555555b8eb20_0, 0, 32;
    %jmp T_0;
    .thread T_0;
    .scope S_0x555555b70b60;
T_1 ;
    %wait E_0x555555b11f80;
    %load/vec4 v0x555555b8ee60_0;
    %cmpi/e 1, 0, 1;
    %jmp/0xz  T_1.0, 4;
    %load/vec4 v0x555555b8ea40_0;
    %load/vec4 v0x555555b37780_0;
    %pad/u 11;
    %ix/vec4 4;
    %store/vec4a v0x555555b8ece0, 4, 0;
T_1.0 ;
    %load/vec4 v0x555555b37780_0;
    %pad/u 11;
    %ix/vec4 4;
    %load/vec4a v0x555555b8ece0, 4;
    %store/vec4 v0x555555b8ec00_0, 0, 32;
    %jmp T_1;
    .thread T_1;
    .scope S_0x555555b36f60;
T_2 ;
    %wait E_0x555555b11fe0;
    %load/vec4 v0x555555b92330_0;
    %flag_set/vec4 8;
    %jmp/0xz  T_2.0, 8;
    %pushi/vec4 7, 0, 3;
    %assign/vec4 v0x555555b92190_0, 0;
    %jmp T_2.1;
T_2.0 ;
    %load/vec4 v0x555555b92250_0;
    %assign/vec4 v0x555555b92190_0, 0;
T_2.1 ;
    %jmp T_2;
    .thread T_2;
    .scope S_0x555555b36f60;
T_3 ;
    %wait E_0x555555b018e0;
    %load/vec4 v0x555555b92190_0;
    %cmpi/e 7, 0, 3;
    %flag_get/vec4 4;
    %jmp/0 T_3.3, 4;
    %load/vec4 v0x555555b92590_0;
    %parti/s 1, 9, 5;
    %pushi/vec4 0, 0, 1;
    %cmp/e;
    %flag_get/vec4 4;
    %and;
T_3.3;
    %flag_set/vec4 9;
    %flag_get/vec4 9;
    %jmp/0 T_3.2, 9;
    %load/vec4 v0x555555b916c0_0;
    %and;
T_3.2;
    %flag_set/vec4 8;
    %jmp/0xz  T_3.0, 8;
    %load/vec4 v0x555555b92590_0;
    %parti/s 3, 10, 5;
    %store/vec4 v0x555555b92250_0, 0, 3;
    %jmp T_3.1;
T_3.0 ;
    %pushi/vec4 7, 0, 3;
    %store/vec4 v0x555555b92250_0, 0, 3;
T_3.1 ;
    %jmp T_3;
    .thread T_3, $push;
    .scope S_0x555555b36f60;
T_4 ;
    %wait E_0x555555b33500;
    %load/vec4 v0x555555b92190_0;
    %dup/vec4;
    %pushi/vec4 0, 0, 3;
    %cmp/u;
    %jmp/1 T_4.0, 6;
    %dup/vec4;
    %pushi/vec4 1, 0, 3;
    %cmp/u;
    %jmp/1 T_4.1, 6;
    %dup/vec4;
    %pushi/vec4 2, 0, 3;
    %cmp/u;
    %jmp/1 T_4.2, 6;
    %dup/vec4;
    %pushi/vec4 3, 0, 3;
    %cmp/u;
    %jmp/1 T_4.3, 6;
    %dup/vec4;
    %pushi/vec4 4, 0, 3;
    %cmp/u;
    %jmp/1 T_4.4, 6;
    %dup/vec4;
    %pushi/vec4 5, 0, 3;
    %cmp/u;
    %jmp/1 T_4.5, 6;
    %pushi/vec4 0, 0, 32;
    %store/vec4 v0x555555b923f0_0, 0, 32;
    %jmp T_4.7;
T_4.0 ;
    %load/vec4 v0x555555b91fd0_0;
    %store/vec4 v0x555555b923f0_0, 0, 32;
    %jmp T_4.7;
T_4.1 ;
    %load/vec4 v0x555555b91920_0;
    %store/vec4 v0x555555b923f0_0, 0, 32;
    %jmp T_4.7;
T_4.2 ;
    %pushi/vec4 0, 0, 23;
    %load/vec4 v0x555555b91d40_0;
    %concat/vec4; draw_concat_vec4
    %store/vec4 v0x555555b923f0_0, 0, 32;
    %jmp T_4.7;
T_4.3 ;
    %pushi/vec4 0, 0, 22;
    %load/vec4 v0x555555b91760_0;
    %concat/vec4; draw_concat_vec4
    %store/vec4 v0x555555b923f0_0, 0, 32;
    %jmp T_4.7;
T_4.4 ;
    %pushi/vec4 0, 0, 25;
    %load/vec4 v0x555555b91840_0;
    %concat/vec4; draw_concat_vec4
    %pad/u 32;
    %store/vec4 v0x555555b923f0_0, 0, 32;
    %jmp T_4.7;
T_4.5 ;
    %pushi/vec4 0, 0, 30;
    %load/vec4 v0x555555b91bc0_0;
    %concat/vec4; draw_concat_vec4
    %load/vec4 v0x555555b91360_0;
    %concat/vec4; draw_concat_vec4
    %store/vec4 v0x555555b923f0_0, 0, 32;
    %jmp T_4.7;
T_4.7 ;
    %pop/vec4 1;
    %jmp T_4;
    .thread T_4, $push;
    .scope S_0x555555b36f60;
T_5 ;
    %wait E_0x555555b11fe0;
    %load/vec4 v0x555555b92330_0;
    %flag_set/vec4 8;
    %jmp/0xz  T_5.0, 8;
    %pushi/vec4 0, 0, 32;
    %store/vec4 v0x555555b91920_0, 0, 32;
    %pushi/vec4 0, 0, 9;
    %store/vec4 v0x555555b91d40_0, 0, 9;
    %pushi/vec4 0, 0, 10;
    %store/vec4 v0x555555b91760_0, 0, 10;
    %pushi/vec4 0, 0, 8;
    %store/vec4 v0x555555b91840_0, 0, 8;
    %jmp T_5.1;
T_5.0 ;
    %load/vec4 v0x555555b91560_0;
    %flag_set/vec4 8;
    %jmp/0xz  T_5.2, 8;
    %load/vec4 v0x555555b92590_0;
    %parti/s 3, 10, 5;
    %dup/vec4;
    %pushi/vec4 1, 0, 3;
    %cmp/u;
    %jmp/1 T_5.4, 6;
    %dup/vec4;
    %pushi/vec4 2, 0, 3;
    %cmp/u;
    %jmp/1 T_5.5, 6;
    %dup/vec4;
    %pushi/vec4 3, 0, 3;
    %cmp/u;
    %jmp/1 T_5.6, 6;
    %dup/vec4;
    %pushi/vec4 4, 0, 3;
    %cmp/u;
    %jmp/1 T_5.7, 6;
    %dup/vec4;
    %pushi/vec4 5, 0, 3;
    %cmp/u;
    %jmp/1 T_5.8, 6;
    %jmp T_5.10;
T_5.4 ;
    %load/vec4 v0x555555b92670_0;
    %store/vec4 v0x555555b91920_0, 0, 32;
    %jmp T_5.10;
T_5.5 ;
    %load/vec4 v0x555555b92670_0;
    %parti/s 9, 0, 2;
    %store/vec4 v0x555555b91d40_0, 0, 9;
    %jmp T_5.10;
T_5.6 ;
    %load/vec4 v0x555555b92670_0;
    %parti/s 10, 0, 2;
    %store/vec4 v0x555555b91760_0, 0, 10;
    %jmp T_5.10;
T_5.7 ;
    %load/vec4 v0x555555b92670_0;
    %parti/s 8, 0, 2;
    %store/vec4 v0x555555b91840_0, 0, 8;
    %jmp T_5.10;
T_5.8 ;
    %jmp T_5.10;
T_5.10 ;
    %pop/vec4 1;
T_5.2 ;
T_5.1 ;
    %jmp T_5;
    .thread T_5;
    .scope S_0x555555b36f60;
T_6 ;
    %wait E_0x555555b11fe0;
    %load/vec4 v0x555555b92330_0;
    %flag_set/vec4 8;
    %jmp/0xz  T_6.0, 8;
    %pushi/vec4 0, 0, 3;
    %store/vec4 v0x555555b91040_0, 0, 3;
    %pushi/vec4 0, 0, 1;
    %store/vec4 v0x555555b91bc0_0, 0, 1;
    %pushi/vec4 0, 0, 10;
    %store/vec4 v0x555555b90010_0, 0, 10;
    %pushi/vec4 0, 0, 8;
    %store/vec4 v0x555555b901b0_0, 0, 8;
    %pushi/vec4 0, 0, 32;
    %store/vec4 v0x555555b91a00_0, 0, 32;
    %pushi/vec4 0, 0, 9;
    %store/vec4 v0x555555b91e20_0, 0, 9;
    %pushi/vec4 0, 0, 1;
    %store/vec4 v0x555555b911e0_0, 0, 1;
    %jmp T_6.1;
T_6.0 ;
    %load/vec4 v0x555555b91100_0;
    %store/vec4 v0x555555b91040_0, 0, 3;
    %load/vec4 v0x555555b91c80_0;
    %store/vec4 v0x555555b91bc0_0, 0, 1;
    %load/vec4 v0x555555b900d0_0;
    %store/vec4 v0x555555b90010_0, 0, 10;
    %load/vec4 v0x555555b90290_0;
    %store/vec4 v0x555555b901b0_0, 0, 8;
    %load/vec4 v0x555555b91ae0_0;
    %store/vec4 v0x555555b91a00_0, 0, 32;
    %load/vec4 v0x555555b91f10_0;
    %store/vec4 v0x555555b91e20_0, 0, 9;
    %load/vec4 v0x555555b912a0_0;
    %store/vec4 v0x555555b911e0_0, 0, 1;
T_6.1 ;
    %jmp T_6;
    .thread T_6;
    .scope S_0x555555b36f60;
T_7 ;
    %wait E_0x555555b707a0;
    %load/vec4 v0x555555b91bc0_0;
    %store/vec4 v0x555555b91c80_0, 0, 1;
    %load/vec4 v0x555555b91040_0;
    %store/vec4 v0x555555b91100_0, 0, 3;
    %load/vec4 v0x555555b90010_0;
    %store/vec4 v0x555555b900d0_0, 0, 10;
    %load/vec4 v0x555555b901b0_0;
    %store/vec4 v0x555555b90290_0, 0, 8;
    %load/vec4 v0x555555b91e20_0;
    %store/vec4 v0x555555b91f10_0, 0, 9;
    %load/vec4 v0x555555b91a00_0;
    %store/vec4 v0x555555b91ae0_0, 0, 32;
    %load/vec4 v0x555555b911e0_0;
    %store/vec4 v0x555555b912a0_0, 0, 1;
    %load/vec4 v0x555555b91040_0;
    %dup/vec4;
    %pushi/vec4 0, 0, 3;
    %cmp/u;
    %jmp/1 T_7.0, 6;
    %dup/vec4;
    %pushi/vec4 1, 0, 3;
    %cmp/u;
    %jmp/1 T_7.1, 6;
    %dup/vec4;
    %pushi/vec4 3, 0, 3;
    %cmp/u;
    %jmp/1 T_7.2, 6;
    %dup/vec4;
    %pushi/vec4 2, 0, 3;
    %cmp/u;
    %jmp/1 T_7.3, 6;
    %dup/vec4;
    %pushi/vec4 4, 0, 3;
    %cmp/u;
    %jmp/1 T_7.4, 6;
    %dup/vec4;
    %pushi/vec4 5, 0, 3;
    %cmp/u;
    %jmp/1 T_7.5, 6;
    %jmp T_7.7;
T_7.0 ;
    %load/vec4 v0x555555b92670_0;
    %parti/s 2, 0, 2;
    %cmpi/e 1, 0, 2;
    %jmp/1 T_7.12, 4;
    %flag_mov 10, 4;
    %load/vec4 v0x555555b92670_0;
    %parti/s 2, 0, 2;
    %cmpi/e 2, 0, 2;
    %flag_or 4, 10;
T_7.12;
    %flag_get/vec4 4;
    %jmp/0 T_7.11, 4;
    %load/vec4 v0x555555b92590_0;
    %parti/s 4, 9, 5;
    %pushi/vec4 11, 0, 4;
    %cmp/e;
    %flag_get/vec4 4;
    %and;
T_7.11;
    %flag_set/vec4 9;
    %flag_get/vec4 9;
    %jmp/0 T_7.10, 9;
    %load/vec4 v0x555555b916c0_0;
    %and;
T_7.10;
    %flag_set/vec4 8;
    %jmp/0xz  T_7.8, 8;
    %pushi/vec4 1, 0, 3;
    %store/vec4 v0x555555b91100_0, 0, 3;
    %pushi/vec4 0, 0, 1;
    %store/vec4 v0x555555b91c80_0, 0, 1;
    %load/vec4 v0x555555b91760_0;
    %store/vec4 v0x555555b900d0_0, 0, 10;
    %load/vec4 v0x555555b91840_0;
    %addi 1, 0, 8;
    %store/vec4 v0x555555b90290_0, 0, 8;
    %load/vec4 v0x555555b91d40_0;
    %store/vec4 v0x555555b91f10_0, 0, 9;
    %load/vec4 v0x555555b91920_0;
    %store/vec4 v0x555555b91ae0_0, 0, 32;
    %load/vec4 v0x555555b92670_0;
    %pushi/vec4 1, 0, 32;
    %cmp/e;
    %flag_get/vec4 4;
    %store/vec4 v0x555555b912a0_0, 0, 1;
T_7.8 ;
    %jmp T_7.7;
T_7.1 ;
    %load/vec4 v0x555555b90770_0;
    %flag_set/vec4 8;
    %jmp/0xz  T_7.13, 8;
    %pushi/vec4 3, 0, 3;
    %store/vec4 v0x555555b91100_0, 0, 3;
T_7.13 ;
    %jmp T_7.7;
T_7.2 ;
    %pushi/vec4 2, 0, 3;
    %store/vec4 v0x555555b91100_0, 0, 3;
    %jmp T_7.7;
T_7.3 ;
    %load/vec4 v0x555555b906b0_0;
    %flag_set/vec4 8;
    %jmp/0xz  T_7.15, 8;
    %pushi/vec4 1, 0, 1;
    %store/vec4 v0x555555b91c80_0, 0, 1;
    %pushi/vec4 5, 0, 3;
    %store/vec4 v0x555555b91100_0, 0, 3;
    %jmp T_7.16;
T_7.15 ;
    %load/vec4 v0x555555b90e00_0;
    %flag_set/vec4 9;
    %flag_get/vec4 9;
    %jmp/0 T_7.20, 9;
    %load/vec4 v0x555555b911e0_0;
    %and;
T_7.20;
    %flag_set/vec4 8;
    %jmp/1 T_7.19, 8;
    %load/vec4 v0x555555b90510_0;
    %nor/r;
    %flag_set/vec4 10;
    %flag_get/vec4 10;
    %jmp/0 T_7.21, 10;
    %load/vec4 v0x555555b911e0_0;
    %nor/r;
    %and;
T_7.21;
    %flag_set/vec4 9;
    %flag_or 8, 9;
T_7.19;
    %jmp/0xz  T_7.17, 8;
    %load/vec4 v0x555555b90010_0;
    %subi 1, 0, 10;
    %store/vec4 v0x555555b900d0_0, 0, 10;
    %load/vec4 v0x555555b901b0_0;
    %subi 1, 0, 8;
    %store/vec4 v0x555555b90290_0, 0, 8;
    %load/vec4 v0x555555b91a00_0;
    %addi 4, 0, 32;
    %store/vec4 v0x555555b91ae0_0, 0, 32;
    %load/vec4 v0x555555b91e20_0;
    %addi 1, 0, 9;
    %store/vec4 v0x555555b91f10_0, 0, 9;
    %load/vec4 v0x555555b900d0_0;
    %cmpi/e 0, 0, 10;
    %jmp/0xz  T_7.22, 4;
    %pushi/vec4 5, 0, 3;
    %store/vec4 v0x555555b91100_0, 0, 3;
    %jmp T_7.23;
T_7.22 ;
    %load/vec4 v0x555555b90290_0;
    %cmpi/e 0, 0, 8;
    %jmp/0xz  T_7.24, 4;
    %load/vec4 v0x555555b91840_0;
    %addi 1, 0, 8;
    %store/vec4 v0x555555b90290_0, 0, 8;
    %pushi/vec4 4, 0, 3;
    %store/vec4 v0x555555b91100_0, 0, 3;
T_7.24 ;
T_7.23 ;
T_7.17 ;
T_7.16 ;
    %jmp T_7.7;
T_7.4 ;
    %pushi/vec4 1, 0, 3;
    %store/vec4 v0x555555b91100_0, 0, 3;
    %jmp T_7.7;
T_7.5 ;
    %pushi/vec4 0, 0, 3;
    %store/vec4 v0x555555b91100_0, 0, 3;
    %jmp T_7.7;
T_7.7 ;
    %pop/vec4 1;
    %jmp T_7;
    .thread T_7, $push;
    .scope S_0x555555b36f60;
T_8 ;
    %wait E_0x555555b64860;
    %load/vec4 v0x555555b91040_0;
    %cmpi/e 3, 0, 3;
    %jmp/0xz  T_8.0, 4;
    %load/vec4 v0x555555b911e0_0;
    %store/vec4 v0x555555b909b0_0, 0, 1;
    %pushi/vec4 15, 0, 4;
    %store/vec4 v0x555555b905d0_0, 0, 4;
    %pushi/vec4 1, 0, 1;
    %store/vec4 v0x555555b90370_0, 0, 1;
    %load/vec4 v0x555555b91840_0;
    %store/vec4 v0x555555b90430_0, 0, 8;
    %load/vec4 v0x555555b91a00_0;
    %store/vec4 v0x555555b908f0_0, 0, 32;
    %pushi/vec4 0, 0, 1;
    %store/vec4 v0x555555b90b30_0, 0, 1;
    %jmp T_8.1;
T_8.0 ;
    %load/vec4 v0x555555b91040_0;
    %cmpi/e 4, 0, 3;
    %jmp/1 T_8.4, 4;
    %flag_mov 8, 4;
    %load/vec4 v0x555555b91040_0;
    %cmpi/e 5, 0, 3;
    %flag_or 4, 8;
T_8.4;
    %jmp/0xz  T_8.2, 4;
    %pushi/vec4 1, 0, 1;
    %store/vec4 v0x555555b90b30_0, 0, 1;
    %pushi/vec4 0, 0, 1;
    %store/vec4 v0x555555b909b0_0, 0, 1;
    %pushi/vec4 0, 0, 4;
    %store/vec4 v0x555555b905d0_0, 0, 4;
    %pushi/vec4 0, 0, 1;
    %store/vec4 v0x555555b90370_0, 0, 1;
    %pushi/vec4 0, 0, 8;
    %store/vec4 v0x555555b90430_0, 0, 8;
    %pushi/vec4 0, 0, 32;
    %store/vec4 v0x555555b908f0_0, 0, 32;
    %jmp T_8.3;
T_8.2 ;
    %load/vec4 v0x555555b91040_0;
    %cmpi/e 2, 0, 3;
    %jmp/0xz  T_8.5, 4;
    %load/vec4 v0x555555b911e0_0;
    %flag_set/vec4 8;
    %jmp/0xz  T_8.7, 8;
    %pushi/vec4 0, 0, 32;
    %store/vec4 v0x555555b908f0_0, 0, 32;
    %jmp T_8.8;
T_8.7 ;
    %load/vec4 v0x555555b920c0_0;
    %store/vec4 v0x555555b908f0_0, 0, 32;
T_8.8 ;
    %pushi/vec4 0, 0, 1;
    %store/vec4 v0x555555b909b0_0, 0, 1;
    %pushi/vec4 0, 0, 4;
    %store/vec4 v0x555555b905d0_0, 0, 4;
    %pushi/vec4 0, 0, 1;
    %store/vec4 v0x555555b90370_0, 0, 1;
    %pushi/vec4 0, 0, 8;
    %store/vec4 v0x555555b90430_0, 0, 8;
    %pushi/vec4 0, 0, 1;
    %store/vec4 v0x555555b90b30_0, 0, 1;
    %jmp T_8.6;
T_8.5 ;
    %pushi/vec4 0, 0, 1;
    %store/vec4 v0x555555b909b0_0, 0, 1;
    %pushi/vec4 0, 0, 4;
    %store/vec4 v0x555555b905d0_0, 0, 4;
    %pushi/vec4 0, 0, 1;
    %store/vec4 v0x555555b90370_0, 0, 1;
    %pushi/vec4 0, 0, 8;
    %store/vec4 v0x555555b90430_0, 0, 8;
    %pushi/vec4 0, 0, 32;
    %store/vec4 v0x555555b908f0_0, 0, 32;
    %pushi/vec4 0, 0, 1;
    %store/vec4 v0x555555b90b30_0, 0, 1;
T_8.6 ;
T_8.3 ;
T_8.1 ;
    %jmp T_8;
    .thread T_8, $push;
    .scope S_0x555555b30ee0;
T_9 ;
    %pushi/vec4 1, 0, 1;
    %store/vec4 v0x555555b93050_0, 0, 1;
    %pushi/vec4 0, 0, 1;
    %store/vec4 v0x555555b92ee0_0, 0, 1;
    %pushi/vec4 4, 0, 32;
T_9.0 %dup/vec4;
    %pushi/vec4 0, 0, 32;
    %cmp/s;
    %jmp/1xz T_9.1, 5;
    %jmp/1 T_9.1, 4;
    %pushi/vec4 1, 0, 32;
    %sub;
    %delay 5, 0;
    %load/vec4 v0x555555b92ee0_0;
    %inv;
    %store/vec4 v0x555555b92ee0_0, 0, 1;
    %jmp T_9.0;
T_9.1 ;
    %pop/vec4 1;
    %pushi/vec4 0, 0, 1;
    %store/vec4 v0x555555b93050_0, 0, 1;
T_9.2 ;
    %delay 5, 0;
    %load/vec4 v0x555555b92ee0_0;
    %inv;
    %store/vec4 v0x555555b92ee0_0, 0, 1;
    %jmp T_9.2;
T_9.3 ;
    %end;
    .thread T_9;
    .scope S_0x555555b30ee0;
T_10 ;
    %pushi/vec4 9, 0, 8;
    %store/vec4 v0x555555b92dd0_0, 0, 8;
    %pushi/vec4 0, 0, 1;
    %store/vec4 v0x555555b93210_0, 0, 1;
    %pushi/vec4 0, 0, 32;
    %store/vec4 v0x555555b932e0_0, 0, 32;
    %pushi/vec4 0, 0, 32;
    %store/vec4 v0x555555b933b0_0, 0, 32;
    %wait E_0x555555b61460;
    %pushi/vec4 1, 0, 1;
    %store/vec4 v0x555555b93210_0, 0, 1;
    %pushi/vec4 520, 0, 32;
    %store/vec4 v0x555555b932e0_0, 0, 32;
    %pushi/vec4 15, 0, 32;
    %store/vec4 v0x555555b933b0_0, 0, 32;
    %wait E_0x555555b5fab0;
    %pushi/vec4 8, 0, 32;
    %store/vec4 v0x555555b932e0_0, 0, 32;
    %pushi/vec4 2, 0, 32;
T_10.0 %dup/vec4;
    %pushi/vec4 0, 0, 32;
    %cmp/s;
    %jmp/1xz T_10.1, 5;
    %jmp/1 T_10.1, 4;
    %pushi/vec4 1, 0, 32;
    %sub;
    %wait E_0x555555b5fab0;
    %jmp T_10.0;
T_10.1 ;
    %pop/vec4 1;
    %vpi_call 2 52 "$finish" {0 0 0};
    %end;
    .thread T_10;
    .scope S_0x555555b30ee0;
T_11 ;
    %vpi_call 2 58 "$dumpfile", "ramEx1.vcd" {0 0 0};
    %vpi_call 2 59 "$dumpvars", 32'sb00000000000000000000000000000001, S_0x555555b36f60 {0 0 0};
    %end;
    .thread T_11;
# The file index is used to find the file name in the following table.
:file_names 5;
    "N/A";
    "<interactive>";
    "ramDmaEx1Tb.v";
    "ramDmaCI.v";
    "dualSSRAM.v";
